// Jest Snapshot v1, https://goo.gl/fbAQLP

exports[`CautionaryAdvisoryGuidancePage should match snapshot for graphql query 1`] = `
"
	{
		bnfCautionaryAndAdvisoryGuidance {
			title
			sections {
				...RecordSection
			}
		}
	}
"
`;

exports[`CautionaryAdvisoryGuidancePage should match snapshot for page contents 1`] = `
<div>
  <nav
    aria-label="Breadcrumbs"
    role="navigation"
  >
    <ol
      class="breadcrumbs"
    >
      <li
        class="breadcrumbs__crumb"
      >
        <a
          href="https://www.nice.org.uk/"
        >
          NICE
        </a>
      </li>
      <li
        class="breadcrumbs__crumb"
      >
        <a
          href="/"
        >
          BNF
        </a>
      </li>
      <li
        class="breadcrumbs__crumb"
      >
        <a
          href="/about/"
        >
          About
        </a>
      </li>
      <li
        class="breadcrumbs__crumb"
      >
        <span>
          Guidance for cautionary and advisory labels
        </span>
      </li>
    </ol>
  </nav>
  <script
    type="application/ld+json"
  >
    {
  "@context": "http://schema.org",
  "@type": "BreadcrumbList",
  "itemListElement": [
    {
      "@type": "ListItem",
      "position": 1,
      "item": {
        "@id": "https://www.nice.org.uk/",
        "name": "NICE"
      }
    },
    {
      "@type": "ListItem",
      "position": 2,
      "item": {
        "@id": "/",
        "name": "BNF"
      }
    },
    {
      "@type": "ListItem",
      "position": 3,
      "item": {
        "@id": "/about/",
        "name": "About"
      }
    },
    {
      "@type": "ListItem",
      "position": 4,
      "item": {
        "name": "Guidance for cautionary and advisory labels"
      }
    }
  ]
}
  </script>
  <div
    class="page-header"
    id="content-start"
  >
    <h1
      class="page-header__heading"
    >
      <span>
        Guidance for cautionary and advisory labels
      </span>
    </h1>
  </div>
  <div
    class="grid grid--loose"
    data-testid="body"
  >
    <div
      class="hide-print"
      data-g="12 md:4 lg:3"
    >
      <nav
        aria-label="About section pages"
        class="stacked-nav"
      >
        <p
          class="stacked-nav__root"
        >
          <a
            aria-current="false"
            href="/about/"
          >
            About
          </a>
        </p>
        <ul
          class="stacked-nav__list"
        >
          <li
            class="stacked-nav__list-item"
          >
            <a
              aria-current="false"
              href="/about/changes/"
            >
              <span
                class="stacked-nav__content-wrapper"
              >
                <span>
                  Changes
                </span>
              </span>
            </a>
          </li>
          <li
            class="stacked-nav__list-item"
          >
            <a
              aria-current="false"
              href="/about/publication-information/"
            >
              <span
                class="stacked-nav__content-wrapper"
              >
                <span>
                  Publication 
                  <i>
                    information
                  </i>
                </span>
              </span>
            </a>
          </li>
          <li
            class="stacked-nav__list-item"
          >
            <a
              aria-current="false"
              href="/about/labels/"
            >
              <span
                class="stacked-nav__content-wrapper"
              >
                <span>
                  Labels
                </span>
              </span>
            </a>
          </li>
          <li
            class="stacked-nav__list-item"
          >
            <a
              aria-current="true"
              href="/about/guidance-for-cautionary-and-advisory-labels/"
            >
              <span
                class="stacked-nav__content-wrapper"
              >
                <span>
                  Guidance for cautionary and advisory labels
                </span>
              </span>
            </a>
          </li>
        </ul>
      </nav>
    </div>
    <div
      data-g="12 md:8 lg:9"
    >
      <div
        class="grid grid--rev grid--loose"
      >
        <div
          data-g="12 lg:3"
        >
          <nav
            aria-labelledby="on-this-page"
            class="wrapper"
          >
            <h2
              class="heading"
              id="on-this-page"
            >
              On this page
            </h2>
            <ol
              aria-label="Jump links to sections on this page"
              class="list"
            >
              <li>
                <a
                  href="#introduction"
                >
                  Introduction
                </a>
              </li>
              <li>
                <a
                  href="#original-packs"
                >
                  Original packs
                </a>
              </li>
            </ol>
          </nav>
        </div>
        <div
          class="body"
          data-g="12 lg:9"
        >
          <section
            aria-labelledby="introduction"
          >
            <h2
              class="firstHeading"
              id="introduction"
            >
              Introduction
            </h2>
            <div>
              <p>
                Medicinal forms within BNF publications include code numbers...
              </p>
            </div>
          </section>
          <section
            aria-labelledby="original-packs"
          >
            <h2
              id="original-packs"
            >
              Original packs
            </h2>
            <div>
              <p>
                Most preparations are dispensed in unbroken original packs...
              </p>
            </div>
          </section>
        </div>
      </div>
    </div>
  </div>
</div>
`;
