// Jest Snapshot v1, https://goo.gl/fbAQLP

exports[`AboutSectionPage should match snapshot for graphql query 1`] = `
"
	query ($id: String) {
		currentAboutPage: bnfAboutSection(id: { eq: $id }) {
			slug
			title
			sections {
				...RecordSection
			}
		}
	}
"
`;

exports[`AboutSectionPage should match snapshot for page contents 1`] = `
<main>
  <div
    class="container"
  >
    <nav
      aria-label="Breadcrumbs"
      role="navigation"
    >
      <ol
        class="breadcrumbs"
      >
        <li
          class="breadcrumbs__crumb"
        >
          <a
            href="https://www.nice.org.uk/"
          >
            NICE
          </a>
        </li>
        <li
          class="breadcrumbs__crumb"
        >
          <a
            href="/"
          >
            BNF
          </a>
        </li>
        <li
          class="breadcrumbs__crumb"
        >
          <a
            href="/about/"
          >
            About
          </a>
        </li>
        <li
          class="breadcrumbs__crumb"
        >
          <span>
            Changes
          </span>
        </li>
      </ol>
    </nav>
    <script
      type="application/ld+json"
    >
      {
  "@context": "http://schema.org",
  "@type": "BreadcrumbList",
  "itemListElement": [
    {
      "@type": "ListItem",
      "position": 1,
      "item": {
        "@id": "https://www.nice.org.uk/",
        "name": "NICE"
      }
    },
    {
      "@type": "ListItem",
      "position": 2,
      "item": {
        "@id": "/",
        "name": "BNF"
      }
    },
    {
      "@type": "ListItem",
      "position": 3,
      "item": {
        "@id": "/about/",
        "name": "About"
      }
    },
    {
      "@type": "ListItem",
      "position": 4,
      "item": {
        "name": "Changes"
      }
    }
  ]
}
    </script>
    <div
      class="page-header"
      id="content-start"
    >
      <h1
        class="page-header__heading"
      >
        <span>
          Changes
        </span>
      </h1>
    </div>
    <div
      class="grid grid--loose"
      data-testid="body"
    >
      <div
        class="hide-print"
        data-g="12 md:4 lg:3"
      >
        <button
          aria-expanded="false"
          aria-label="Expand menu for About"
          class="toggleButton"
          type="button"
        >
          About
           
          <svg
            aria-hidden="true"
            class="icon"
            fill="none"
            focusable="false"
            height="1em"
            viewBox="0 0 512 512"
            width="1em"
            xmlns="http://www.w3.org/2000/svg"
          >
            <path
              d="M478.152 174c0 10.091-3.525 18.661-10.576 25.712l-186 186c-7.243 7.243-15.909 10.864-26 10.864-10.283 0-18.853-3.621-25.712-10.864l-186-186C36.621 192.853 33 184.283 33 174c0-10.091 3.621-18.757 10.864-26L65 126.576C72.424 119.525 81.09 116 91 116c10.091 0 18.661 3.525 25.712 10.576L255.576 265.44 394.44 126.576c7.051-7.051 15.621-10.576 25.712-10.576 9.909 0 18.576 3.525 26 10.576L467.576 148c7.051 7.424 10.576 16.091 10.576 26z"
              fill="currentColor"
            />
          </svg>
        </button>
        <nav
          aria-label="About section pages"
          class="stacked-nav"
          id="collapsible-menu"
        >
          <p
            class="stacked-nav__root"
          >
            <a
              aria-current="false"
              href="/about/"
            >
              About
            </a>
          </p>
          <ul
            class="stacked-nav__list"
          >
            <li
              class="stacked-nav__list-item"
            >
              <a
                aria-current="true"
                href="/about/changes/"
              >
                <span
                  class="stacked-nav__content-wrapper"
                >
                  <span>
                    Changes
                  </span>
                </span>
              </a>
            </li>
            <li
              class="stacked-nav__list-item"
            >
              <a
                aria-current="false"
                href="/about/publication-information/"
              >
                <span
                  class="stacked-nav__content-wrapper"
                >
                  <span>
                    Publication 
                    <i>
                      information
                    </i>
                  </span>
                </span>
              </a>
            </li>
            <li
              class="stacked-nav__list-item"
            >
              <a
                aria-current="false"
                href="/about/labels/"
              >
                <span
                  class="stacked-nav__content-wrapper"
                >
                  <span>
                    Labels
                  </span>
                </span>
              </a>
            </li>
            <li
              class="stacked-nav__list-item"
            >
              <a
                aria-current="false"
                href="/about/guidance-for-cautionary-and-advisory-labels/"
              >
                <span
                  class="stacked-nav__content-wrapper"
                >
                  <span>
                    Guidance for cautionary and advisory labels
                  </span>
                </span>
              </a>
            </li>
          </ul>
        </nav>
      </div>
      <div
        data-g="12 md:8 lg:9"
      >
        <div
          class="grid grid--rev grid--loose"
        >
          <div
            data-g="12 lg:3"
          >
            <nav
              aria-labelledby="on-this-page"
              class="wrapper"
            >
              <h2
                class="heading"
                id="on-this-page"
              >
                On this page
              </h2>
              <ol
                aria-label="Jump links to sections on this page"
                class="list"
              >
                <li>
                  <a
                    href="#introduction"
                  >
                    Introduction
                  </a>
                </li>
                <li>
                  <a
                    href="#significant-changes"
                  >
                    Significant changes
                  </a>
                </li>
              </ol>
            </nav>
          </div>
          <div
            class="body"
            data-g="12 lg:9"
          >
            <section
              aria-labelledby="introduction"
            >
              <h2
                class="firstHeading"
                id="introduction"
              >
                Introduction
              </h2>
              <div>
                <p>
                  Monthly updates are provided online via Medicines Complete and the NHS Evidence portal. The changes listed below are cumulative (from one print edition to the next).
                </p>
              </div>
            </section>
            <section
              aria-labelledby="significant-changes"
            >
              <h2
                id="significant-changes"
              >
                Significant changes
              </h2>
              <div>
                <p>
                  Significant changes made since the release of data for the print edition of BNF 82 (September 2021 â€” March 2022):
                </p>
              </div>
            </section>
          </div>
        </div>
      </div>
    </div>
  </div>
</main>
`;
