// Jest Snapshot v1, https://goo.gl/fbAQLP

exports[`substance should match snapshot 1`] = `
<div>
  <details
    class="details  "
  >
    <summary
      class="summary"
      data-tracking="Show"
    >
      <span
        class="toggleLabel label"
      >
        <svg
          aria-hidden="true"
          class="icon"
          fill="none"
          focusable="false"
          height="1em"
          viewBox="0 0 512 512"
          width="1em"
          xmlns="http://www.w3.org/2000/svg"
        >
          <path
            d="M478.152 174c0 10.091-3.525 18.661-10.576 25.712l-186 186c-7.243 7.243-15.909 10.864-26 10.864-10.283 0-18.853-3.621-25.712-10.864l-186-186C36.621 192.853 33 184.283 33 174c0-10.091 3.621-18.757 10.864-26L65 126.576C72.424 119.525 81.09 116 91 116c10.091 0 18.661 3.525 25.712 10.576L255.576 265.44 394.44 126.576c7.051-7.051 15.621-10.576 25.712-10.576 9.909 0 18.576 3.525 26 10.576L467.576 148c7.051 7.424 10.576 16.091 10.576 26z"
            fill="currentColor"
          />
        </svg>
        Show
      </span>
       
      <div
        class="alert alert--info"
      >
        <div
          class="alertContent"
        >
          <p>
            Not suitable for use in child under 3 years; not recommended for child under 6 years
          </p>
        </div>
      </div>
      <h2
        class="prepHeading"
        id="fresubin-1500-complete"
      >
        <span
          class="headingIcons"
        >
          <span
            class="label"
          >
            Some label
          </span>
        </span>
        <span
          class="headingText"
        >
          Fresubin® 1500 Complete
        </span>
      </h2>
    </summary>
    <dl>
      <div
        class="packDefinitionListItem"
      >
        <dt>
          Formulation
        </dt>
        <dd>
          Liquid per 100 mL
        </dd>
      </div>
      <div
        class="packDefinitionListItem"
      >
        <dt>
          Energy
        </dt>
        <dd>
          420
           kJ
           / 
          100
           kcal
        </dd>
      </div>
      <div
        class="packDefinitionListItem"
      >
        <dt>
          Protein
        </dt>
        <dd>
          3.8
           g
           
        </dd>
      </div>
      <div
        class="packDefinitionListItem"
      >
        <dt>
          Carbohydrate
        </dt>
        <dd>
          13.0
           g
           
        </dd>
      </div>
      <div
        class="packDefinitionListItem"
      >
        <dt>
          Fibre
        </dt>
        <dd>
          1.5
           g
           
        </dd>
      </div>
    </dl>
  </details>
</div>
`;
