// Jest Snapshot v1, https://goo.gl/fbAQLP

exports[`TreatmentSummaryPage should match snapshot for graphql query 1`] = `
"
	query ($id: String) {
		bnfTreatmentSummary(id: { eq: $id }) {
			title
			sections {
				...RecordSection
			}
		}
	}
"
`;
